// Vitest Snapshot v1, https://vitest.dev/guide/snapshot.html

exports[`SelectedThemeCard > should render 1`] = `
<div>
  <article
    class="bg-white rounded-lg"
  >
    <div>
      <div
        class="h-full my-4 p-4 rounded-2xl border border-gray-200"
        data-testid="panel-component"
      >
        <div
          class="grid grid-cols-12"
        >
          <div
            class="col-span-12"
          >
            <header>
              <h2>
                Theme Name
              </h2>
            </header>
             
            <p
              class="text-sm text-neutral-700 my-4"
            >
              This is the theme description
            </p>
             
            <footer
              class="flex items-center flex-wrap gap-2"
            >
              <!---->
              <button
                aria-pressed="false"
                class="text-sm cursor-pointer rounded-md py-1 px-2 border bg-white border-gray-300 transition-colors duration-300 self-start inline-flex gap-1 items-center hover:bg-gray-100 svelte-1rjb6fa"
                data-variant="default"
                role="button"
                tabindex="0"
              >
                <!---->
                <!---->
                <svg
                  class="fill-neutral-500"
                  height="1rem"
                  role="img"
                  viewBox="0 -960 960 960"
                  width="1rem"
                  xmlns="http://www.w3.org/2000/svg"
                >
                  <path
                    d="M200-120q-33 0-56.5-23.5T120-200v-560q0-33 23.5-56.5T200-840h357l-80 80H200v560h560v-278l80-80v358q0 33-23.5 56.5T760-120H200Zm280-360ZM360-360v-170l367-367q12-12 27-18t30-6q16 0 30.5 6t26.5 18l56 57q11 12 17 26.5t6 29.5q0 15-5.5 29.5T897-728L530-360H360Zm481-424-56-56 56 56ZM440-440h56l232-232-28-28-29-28-231 231v57Zm260-260-29-28 29 28 28 28-28-28Z"
                  />
                  <!---->
                </svg>
                <!---->
                 Edit
                
                
              </button>
              
              <!---->
               
              <!---->
              <button
                aria-pressed="false"
                class="text-sm cursor-pointer rounded-md py-1 px-2 border bg-white border-gray-300 transition-colors duration-300 self-start inline-flex gap-1 items-center hover:bg-gray-100 svelte-1rjb6fa"
                data-variant="default"
                role="button"
                tabindex="0"
              >
                <!---->
                <!---->
                <svg
                  class="fill-neutral-500"
                  height="1rem"
                  role="img"
                  viewBox="0 -960 960 960"
                  width="1rem"
                  xmlns="http://www.w3.org/2000/svg"
                >
                  <path
                    d="M280-120q-33 0-56.5-23.5T200-200v-520h-40v-80h200v-40h240v40h200v80h-40v520q0 33-23.5 56.5T680-120H280Zm400-600H280v520h400v-520ZM360-280h80v-360h-80v360Zm160 0h80v-360h-80v360ZM280-720v520-520Z"
                    xmlns="http://www.w3.org/2000/svg"
                  />
                  <!---->
                </svg>
                <!---->
                 Remove
                
                
              </button>
              
              <!---->
               
              <!---->
              <button
                aria-pressed="false"
                class="text-sm cursor-pointer rounded-md py-1 px-2 border bg-white border-gray-300 transition-colors duration-300 self-start inline-flex gap-1 items-center hover:bg-gray-100 svelte-1rjb6fa"
                data-variant="default"
                role="button"
                tabindex="0"
              >
                <!---->
                <!---->
                <svg
                  class="fill-neutral-500"
                  height="1rem"
                  role="img"
                  viewBox="0 -960 960 960"
                  width="1rem"
                  xmlns="http://www.w3.org/2000/svg"
                >
                  <path
                    d="M320-440h320v-80H320v80Zm0 120h320v-80H320v80Zm0 120h200v-80H320v80ZM240-80q-33 0-56.5-23.5T160-160v-640q0-33 23.5-56.5T240-880h320l240 240v480q0 33-23.5 56.5T720-80H240Zm280-520v-200H240v640h480v-440H520ZM240-800v200-200 640-640Z"
                    xmlns="http://www.w3.org/2000/svg"
                  />
                  <!---->
                </svg>
                <!---->
                 
                <span
                  class="block w-full text-start"
                >
                  Respresentative Responses
                </span>
                
                
              </button>
              
              <!---->
            </footer>
          </div>
           
          <!---->
        </div>
        <!---->
      </div>
      <!---->
    </div>
    <!---->
  </article>
  
</div>
`;
