// Vitest Snapshot v1, https://vitest.dev/guide/snapshot.html

exports[`GeneratedThemeCard > should render 1`] = `
<div>
  <div
    class="generated-theme-card svelte-g4v74i"
    style="margin-left: 0rem;"
  >
    <div
      class="h-full my-4 p-4 rounded-2xl border border-gray-200"
      data-testid="panel-component"
    >
      <article
        class="flex"
      >
        <div
          class="transition-all duration-300 w-full svelte-g4v74i"
        >
          <div
            class="flex items-center justify-between mb-2"
          >
            <div
              class="flex items-center gap-2"
            >
              <!---->
               
              <h3>
                Test Theme
              </h3>
               
              <div
                class="flex justify-between items-center gap-2 rounded-md w-max py-0.5 px-2 text-xs text-emerald-700 bg-emerald-50 border border-emerald-400"
              >
                Level 1
                <!---->
              </div>
              <!---->
            </div>
          </div>
           
          <p
            class="text-neutral-500 text-sm"
          >
            This is a test theme
          </p>
           
          <footer
            class="mt-4 flex items-center gap-2"
          >
            <!---->
            <button
              aria-pressed="false"
              class="text-sm cursor-pointer rounded-md py-1 px-2 border bg-emerald-700 text-white border-gray-300 transition-colors duration-300 self-start inline-flex gap-1 items-center hover:bg-gray-100 hover:text-teal hover:border-teal svelte-1rjb6fa"
              data-variant="approve"
              role="button"
              tabindex="0"
            >
              <!---->
              Select
              
              
            </button>
            
            <!---->
             
            <!---->
            <button
              aria-pressed="false"
              class="text-sm cursor-pointer rounded-md py-1 px-2 border bg-white border-gray-300 transition-colors duration-300 self-start inline-flex gap-1 items-center hover:bg-gray-100 svelte-1rjb6fa"
              data-variant="default"
              role="button"
              tabindex="0"
            >
              <!---->
              <div
                class="text-emerald-700 flex items-center gap-1"
              >
                <svg
                  class="fill-emerald-700"
                  height="1rem"
                  role="img"
                  viewBox="0 -960 960 960"
                  width="1rem"
                  xmlns="http://www.w3.org/2000/svg"
                >
                  <path
                    d="M480-320q75 0 127.5-52.5T660-500q0-75-52.5-127.5T480-680q-75 0-127.5 52.5T300-500q0 75 52.5 127.5T480-320Zm0-72q-45 0-76.5-31.5T372-500q0-45 31.5-76.5T480-608q45 0 76.5 31.5T588-500q0 45-31.5 76.5T480-392Zm0 192q-146 0-266-81.5T40-500q54-137 174-218.5T480-800q146 0 266 81.5T920-500q-54 137-174 218.5T480-200Zm0-300Zm0 220q113 0 207.5-59.5T832-500q-50-101-144.5-160.5T480-720q-113 0-207.5 59.5T128-500q50 101 144.5 160.5T480-280Z"
                    xmlns="http://www.w3.org/2000/svg"
                  />
                  <!---->
                </svg>
                <!---->
                 Representative Responses
              </div>
              
              
            </button>
            
            <!---->
          </footer>
          <!---->
        </div>
         
        <div
          class="p2"
        />
        <!---->
      </article>
      <!---->
    </div>
    <!---->
     
    <div
      class="pt-4"
    >
      
    </div>
    <!---->
  </div>
  
</div>
`;
